---
source: crates/pasta_lua/tests/transpiler/final_regression_test.rs
expression: lua
---
local PASTA = require "pasta"
local GLOBAL = require "pasta.global"

do
    local SCENE = PASTA.create_scene("メイン")

    function SCENE.__start__(act, ...)
        local args = { ... }
        local save, var = act:init_scene(SCENE)

        act.さくら:talk("「今日の天気は晴れです」")
    end
end
